Quick Ref:
git status
git add src
git commit -m “commit note”
git push origin master


=======================

More complete examples:

To pull a repo:
git clone ssh://git@ssh.github.com:443/jerrychadwick/jerry-pdp.git

To get the status:
JC-MacBook-Pro:jerry-pdp jchadwic$ git status
On branch master
Your branch is up-to-date with 'origin/master'.

nothing to commit, working directory clean

JC-MacBook-Pro:jerry-pdp jchadwic$ git status
On branch master
Your branch is up-to-date with 'origin/master'.

Changes not staged for commit:
  (use "git add <file>..." to update what will be committed)
  (use "git checkout -- <file>..." to discard changes in working directory)

	modified:   README.md

Untracked files:
  (use "git add <file>..." to include in what will be committed)

	.DS_Store

no changes added to commit (use "git add" and/or "git commit -a")

To add a file to the commit: (use "git add <file>..." to include in what will be committed)

JC-MacBook-Pro:jerry-pdp jchadwic$ git add README.md 


JC-MacBook-Pro:jerry-pdp jchadwic$ git status
On branch master
Your branch is up-to-date with 'origin/master'.

Changes to be committed:
  (use "git reset HEAD <file>..." to unstage)

	modified:   README.md

Untracked files:
  (use "git add <file>..." to include in what will be committed)

	.DS_Store

To commit the repo:
JC-MacBook-Pro:jerry-pdp jchadwic$ git commit -m "Edited readme file."
[master 1e4e777] Edited readme file.
 Committer: Jerry Chadwick <jchadwic@JC-MacBook-Pro.local>
Your name and email address were configured automatically based
on your username and hostname. Please check that they are accurate.
You can suppress this message by setting them explicitly:

    git config --global user.name "Your Name"
    git config --global user.email you@example.com

After doing this, you may fix the identity used for this commit with:

    git commit --amend --reset-author

 1 file changed, 2 insertions(+)

JC-MacBook-Pro:jerry-pdp jchadwic$ git status
On branch master
Your branch is ahead of 'origin/master' by 1 commit.
  (use "git push" to publish your local commits)

Untracked files:
  (use "git add <file>..." to include in what will be committed)

	.DS_Store

nothing added to commit but untracked files present (use "git add" to track)

To push to git:
JC-MacBook-Pro:jerry-pdp jchadwic$ git push origin master
Counting objects: 5, done.
Delta compression using up to 8 threads.
Compressing objects: 100% (2/2), done.
Writing objects: 100% (3/3), 348 bytes | 0 bytes/s, done.
Total 3 (delta 0), reused 0 (delta 0)
To ssh://git@ssh.github.com:443/jerrychadwick/jerry-pdp.git
   46dbe25..1e4e777  master -> master

JC-MacBook-Pro:jerry-pdp jchadwic$ git status
On branch master
Your branch is up-to-date with 'origin/master'.

Untracked files:
  (use "git add <file>..." to include in what will be committed)

	.DS_Store

nothing added to commit but untracked files present (use "git add" to track)
JC-MacBook-Pro:jerry-pdp jchadwic$ 
